# 조인

* 조인 조건을 잘못 정의하거나 조인 조건을 누락하면 cartestian product
* n개의 테이블을 종니할때 최소 조인조건은 n-1개이다.

#### equi join(inner join)

```sql
select last_name,de.department_id,department_name from employees em,departments de;

2889 개의 행이 선택되었습니다. --조인 조건을 누락해서 cartestian product가 일어남

SQL> select last_name,de.department_id,department_name from employees em,departments de
  2  where em.department_id=de.department_id;

LAST_NAME                 DEPARTMENT_ID DEPARTMENT_NAME
------------------------- ------------- ------------------------------
Abel                                 80 Sales
Davies                               50 Shipping
De Haan                              90 Executive
Ernst                                60 IT
Fay                                  20 Marketing
Gietz                               110 Accounting
Hartstein                            20 Marketing
Higgins                             110 Accounting
Hunold                               60 IT
King                                 90 Executive
Kochhar                              90 Executive

LAST_NAME                 DEPARTMENT_ID DEPARTMENT_NAME
------------------------- ------------- ------------------------------
Lorentz                              60 IT
Matos                                50 Shipping
Mourgos                              50 Shipping
Rajs                                 50 Shipping
Taylor                               80 Sales
Vargas                               50 Shipping
Whalen                               10 Administration
Zlotkey                              80 Sales

19 개의 행이 선택되었습니다.--조인 조건을 누락해서 cartestian product가 일어나지않음
```

## natural join

- 오라클 서버가 조인할 테이블에서 동일한 이름으로 컴럼을 자동으로
- 조인할 테이블에서 동일한 이름의 컬럼 앞에 테이블명 또는 별명을 사용 하면 안된다.
- 동일한 속성이지만 설계할 때 부모와 자식 테이블에서 이름을 다르게 정의하면 조인이 수행안된다.

```sql
natural join 키워드

SQL> select last_name,de.department_id,department_name from employees em natural join departments de;
select last_name,de.department_id,department_name from employees em natural join departments de
                 *
1행에 오류:
ORA-25155: NATURAL 조인에 사용된 열은 식별자를 가질 수 없음

--동일한 테이블의 칼럼 이름에 별명을 뺏다.

SQL> select last_name,department_id,department_name from employees em natural join departments de;

LAST_NAME                 DEPARTMENT_ID DEPARTMENT_NAME
------------------------- ------------- ------------------------------
Kochhar                              90 Executive
De Haan                              90 Executive
Ernst                                60 IT
Lorentz                              60 IT
Rajs                                 50 Shipping
Davies                               50 Shipping
Matos                                50 Shipping
Vargas                               50 Shipping
Abel                                 80 Sales
Taylor                               80 Sales
Fay                                  20 Marketing

LAST_NAME                 DEPARTMENT_ID DEPARTMENT_NAME
------------------------- ------------- ------------------------------
Gietz                               110 Accounting

12 개의 행이 선택되었습니다.
```

Join on

```
SQL> select a.empno,a.ename,b.deptno,b.dname
  2  from copy_emp a join dept b on a.deptid = b.deptno;

     EMPNO ENAME          DEPTNO DNAME
---------- ---------- ---------- --------------
      7782 CLARK              10 ACCOUNTING
      7839 KING               10 ACCOUNTING
      7934 MILLER             10 ACCOUNTING
      7566 JONES              20 RESEARCH
      7902 FORD               20 RESEARCH
      7876 ADAMS              20 RESEARCH
      7369 SMITH              20 RESEARCH
      7788 SCOTT              20 RESEARCH
      7521 WARD               30 SALES
      7844 TURNER             30 SALES
      7499 ALLEN              30 SALES

     EMPNO ENAME          DEPTNO DNAME
---------- ---------- ---------- --------------
      7900 JAMES              30 SALES
      7698 BLAKE              30 SALES
      7654 MARTIN             30 SALES

14 개의 행이 선택되었습니다.
```



#### non-equi join

```sql
-- where절에 조건넣기
SQL> select em.ename,em.sal,gr.grade from emp em,salgrade gr where em.sal between gr.losal and gr.hisal;

ENAME             SAL      GRADE
---------- ---------- ----------
SMITH             800          1
JAMES             950          1
ADAMS            1100          1
WARD             1250          2
MARTIN           1250          2
MILLER           1300          2
TURNER           1500          3
ALLEN            1600          3
CLARK            2450          4
BLAKE            2850          4
JONES            2975          4

ENAME             SAL      GRADE
---------- ---------- ----------
SCOTT            3000          4
FORD             3000          4
KING             5000          5

14 개의 행이 선택되었습니다.

--join on
SQL> select em.ename,em.sal,gr.grade from emp em join salgrade gr on em.sal between gr.losal and gr.hisal;

ENAME             SAL      GRADE
---------- ---------- ----------
SMITH             800          1
JAMES             950          1
ADAMS            1100          1
WARD             1250          2
MARTIN           1250          2
MILLER           1300          2
TURNER           1500          3
ALLEN            1600          3
CLARK            2450          4
BLAKE            2850          4
JONES            2975          4

ENAME             SAL      GRADE
---------- ---------- ----------
SCOTT            3000          4
FORD             3000          4
KING             5000          5

14 개의 행이 선택되었습니다.

--inner join on
SQL> select em.ename,em.sal,gr.grade from emp em inner join salgrade gr on em.sal between gr.losal and gr.hisal;

ENAME             SAL      GRADE
---------- ---------- ----------
SMITH             800          1
JAMES             950          1
ADAMS            1100          1
WARD             1250          2
MARTIN           1250          2
MILLER           1300          2
TURNER           1500          3
ALLEN            1600          3
CLARK            2450          4
BLAKE            2850          4
JONES            2975          4

ENAME             SAL      GRADE
---------- ---------- ----------
SCOTT            3000          4
FORD             3000          4
KING             5000          5

14 개의 행이 선택되었습니다.


```

#### 3개이상의 테이블을 조인할때

```sql
select a.last_name,b.department_name,c.city
from employees a, departments b , locations c
where a.department_id = b.department_id
and b.location_id = c.location_id;

select a.last_name,b.department_name,c.city
from employees a join departments b on a.department_id = b.department_id 
join locations c on b.location_id = c.location_id; 

```



#### self-join(자기참조가 가능한 테이블에서만)

```sql
SQL> select a.empno, a.ename,a.mgr,b.ename
  2  from emp a join emp b on a.mgr = b.empno;

     EMPNO ENAME             MGR ENAME
---------- ---------- ---------- ----------
      7902 FORD             7566 JONES
      7788 SCOTT            7566 JONES
      7844 TURNER           7698 BLAKE
      7499 ALLEN            7698 BLAKE
      7521 WARD             7698 BLAKE
      7900 JAMES            7698 BLAKE
      7654 MARTIN           7698 BLAKE
      7934 MILLER           7782 CLARK
      7876 ADAMS            7788 SCOTT
      7698 BLAKE            7839 KING
      7566 JONES            7839 KING

     EMPNO ENAME             MGR ENAME
---------- ---------- ---------- ----------
      7782 CLARK            7839 KING
      7369 SMITH            7902 FORD
```



#### outer join(조인칼럼이 null 인 경우 결과 집합에 포함시키기 위한조인)

```sql
부서번호가 없는 사원을 포함해서 사원들의 부서이름을 함께 출력
 --null값을 못가져옴(8000번 hong사원)
SQL> select a.empno,a.ename,a.deptno,b.dname
  2  from emp a, dept b
  3  where a.deptno = b.deptno;

     EMPNO ENAME          DEPTNO DNAME
---------- ---------- ---------- --------------
      7782 CLARK              10 ACCOUNTING
      7934 MILLER             10 ACCOUNTING
      7839 KING               10 ACCOUNTING
      7566 JONES              20 RESEARCH
      7369 SMITH              20 RESEARCH
      7788 SCOTT              20 RESEARCH
      7902 FORD               20 RESEARCH
      7876 ADAMS              20 RESEARCH
      7521 WARD               30 SALES
      7844 TURNER             30 SALES
      7499 ALLEN              30 SALES

     EMPNO ENAME          DEPTNO DNAME
---------- ---------- ---------- --------------
      7900 JAMES              30 SALES
      7654 MARTIN             30 SALES
      7698 BLAKE              30 SALES

14 개의 행이 선택되었습니다.
--+추가로 홍사원 들어옴
SQL> 
select a.empno,a.ename,a.deptno,b.dname
from emp a, dept b
where a.deptno = b.deptno(+);

     EMPNO ENAME          DEPTNO DNAME
---------- ---------- ---------- --------------
      7934 MILLER             10 ACCOUNTING
      7839 KING               10 ACCOUNTING
      7782 CLARK              10 ACCOUNTING
      7902 FORD               20 RESEARCH
      7876 ADAMS              20 RESEARCH
      7788 SCOTT              20 RESEARCH
      7566 JONES              20 RESEARCH
      7369 SMITH              20 RESEARCH
      7900 JAMES              30 SALES
      7844 TURNER             30 SALES
      7698 BLAKE              30 SALES

     EMPNO ENAME          DEPTNO DNAME
---------- ---------- ---------- --------------
      7654 MARTIN             30 SALES
      7521 WARD               30 SALES
      7499 ALLEN              30 SALES
      8000 hong

-- 40번 부서 누락
SQL> select b.deptno, b.dname,a.empno,a.ename
  2  from emp a,dept b
  3  order by b.deptno; 
  
--40번 부서 포함
SQL> select b.deptno, b.dname,a.empno,a.ename
  2  from emp a,dept b
  3  where a.deptno(+)=b.deptno
  4  order by b.deptno;

    DEPTNO DNAME               EMPNO ENAME
---------- -------------- ---------- ----------
        10 ACCOUNTING           7782 CLARK
        10 ACCOUNTING           7934 MILLER
        10 ACCOUNTING           7839 KING
        20 RESEARCH             7566 JONES
        20 RESEARCH             7369 SMITH
        20 RESEARCH             7788 SCOTT
        20 RESEARCH             7902 FORD
        20 RESEARCH             7876 ADAMS
        30 SALES                7521 WARD
        30 SALES                7844 TURNER
        30 SALES                7499 ALLEN

    DEPTNO DNAME               EMPNO ENAME
---------- -------------- ---------- ----------
        30 SALES                7900 JAMES
        30 SALES                7654 MARTIN
        30 SALES                7698 BLAKE
        40 OPERATIONS

15 개의 행이 선택되었습니다.

```



